interface/font-graphics.asm
interface/menu-title-tilemap.asm
interface/status-bar-tilemap.asm
interface/title-bar-tilemap.asm
objects/brick-house-tilemap.asm
objects/buck-house-tilemap.asm
objects/bush-1-tilemap.asm
objects/bush-2-tilemap.asm
objects/bush-3-tilemap.asm
objects/castle-tilemap.asm
objects/factory-tilemap.asm
objects/laundrette-tilemap.asm
objects/pavement-tilemap.asm
objects/phone-box-tilemap.asm
objects/posh-house-tilemap.asm
objects/pub-sign-1-tilemap.asm
objects/pub-sign-2-tilemap.asm
objects/pub-tilemap.asm
objects/road-1-tilemap.asm
objects/road-2-tilemap.asm
objects/road-3-tilemap.asm
objects/rundown-house-1-tilemap.asm
objects/rundown-house-2-tilemap.asm
objects/rural-house-1-tilemap.asm
objects/shop-1-tilemap.asm
objects/shop-2-tilemap.asm
objects/sign-tilemap.asm
objects/streetlamp-tilemap.asm
objects/town-cross-tilemap.asm
objects/tree-1-tilemap.asm
objects/victorian-house-tilemap.asm
screens/brick-street-objects.asm
screens/buck-house-objects.asm
screens/castle-corner-objects.asm
screens/castle-objects.asm
screens/corner-shop-objects.asm
screens/dead-end-street-objects.asm
screens/factory-objects.asm
screens/high-street-objects.asm
screens/laundrette-objects.asm
screens/posh-street-objects.asm
screens/rural-street-2-objects.asm
screens/rural-street-objects.asm
screens/tiles-graphics.asm
screens/tiles-properties.asm
screens/town-square-objects.asm
screens/victorian-street-objects.asm
sprites/ball-sprite.asm
sprites/brush-sprite.asm
sprites/bubble-sprite.asm
sprites/cloud-sprite.asm
sprites/face-2-sprite.asm
sprites/face-sprite.asm
sprites/player-sprite.asm
sprites/saucer-sprite.asm
sprites/van-sprite.asm
