sprites/brush-sprite
sprites/player-sprite
sprites/saucer-sprite
sprites/van-sprite
sprites/cloud-sprite
sprites/ball-sprite
sprites/bubble-sprite
sprites/face-sprite
sprites/face-2-sprite
interface/font-graphics
interface/status-bar-tilemap
interface/menu-title-tilemap
interface/title-bar-tilemap
screens/tiles-tileset
screens/tiles-graphics
screens/laundrette-object-map
screens/brick-street-object-map
screens/victorian-street-object-map
screens/rural-street-object-map
screens/factory-object-map
screens/castle-object-map
screens/posh-street-object-map
screens/dead-end-street-object-map
screens/high-street-object-map
screens/castle-corner-object-map
screens/corner-shop-object-map
screens/rural-street-2-object-map
screens/town-square-object-map
screens/buck-house-object-map
objects/buck-house-tilemap
objects/brick-house-tilemap
objects/bush-1-tilemap
objects/bush-2-tilemap
objects/bush-3-tilemap
objects/castle-tilemap
objects/factory-tilemap
objects/laundrette-tilemap
objects/phone-box-tilemap
objects/posh-house-tilemap
objects/rundown-house-1-tilemap
objects/rundown-house-2-tilemap
objects/rural-house-1-tilemap
objects/streetlamp-tilemap
objects/tree-1-tilemap
objects/victorian-house-tilemap
objects/shop-1-tilemap
objects/shop-2-tilemap
objects/pub-tilemap
objects/pub-sign-1-tilemap
objects/pub-sign-2-tilemap
objects/sign-tilemap
objects/town-cross-tilemap
objects/road-1-tilemap
objects/road-2-tilemap
objects/road-3-tilemap
objects/pavement-tilemap
